SAT solver starts!!!
